## 元组、码、属性

**元组**：元组（tuple）是关系数据库中的基本概念，关系是一张表，表中的每行（即数据库中的每条记录）就是一个元组，每列就是一个属性。 在二维表里，元组也称为行。

**码**：码就是能唯一标识实体的属性，对应表中的列。

**候选码**：若关系中的某一属性或属性组的值能唯一的标识一个元组，而其任何、子集都不能再标识，则称该属性组为候选码。例如：在学生实体中，“学号”是能唯一的区分学生实体的，同时又假设“姓名”、“班级”的属性组合足以区分学生实体，那么{学号}和{姓名，班级}都是候选码。

**主码** : 主码也叫主键。主码是从候选码中选出来的。 一个实体集中只能有一个主码，但可以有多个候选码。

**外码** : 外码也叫外键。如果一个关系中的一个属性是另外一个关系中的主码则这个属性为外码。

**主属性**：候选码中出现过的属性称为主属性。比如关系 工人（工号，身份证号，姓名，性别，部门）. 显然工号和身份证号都能够唯一标示这个关系，所以都是候选码。工号、身份证号这两个属性就是主属性。如果主码是一个属性组，那么属性组中的属性都是主属性。

**非主属性：** 不包含在任何一个候选码中的属性称为非主属性。比如在关系——学生（学号，姓名，年龄，性别，班级）中，主码是“学号”，那么其他的“姓名”、“年龄”、“性别”、“班级”就都可以称为非主属性。



## 什么是ER图？

**ER 图** 全称是 Entity Relationship Diagram（实体联系图），提供了表示实体类型、属性和联系的方法。

- 实体可看作表名，属性可看作表的各个列，联系就是表与表之间的外键关联关系

ER 图由下面 3 个要素组成：

- **实体**：通常是现实世界的业务对象，当然使用一些逻辑对象也可以。比如对于一个校园管理系统，会涉及学生、教师、课程、班级等等实体。在 ER 图中，实体使用矩形框表示。
- **属性**：即某个实体拥有的属性，属性用来描述组成实体的要素，对于产品设计来说可以理解为字段。在 ER 图中，属性使用椭圆形表示。
- **联系**：即实体与实体之间的关系，在 ER 图中用菱形表示，这个关系不仅有业务关联关系，还能通过数字表示实体之间的数量对照关系。例如，一个班级会有多个学生就是一种实体间的联系。

下图是一个学生选课的 ER 图，每个学生可以选若干门课程，同一门课程也可以被若干人选择，所以它们之间的关系是多对多（M: N）。另外，还有其他两种实体之间的关系是：1 对 1（1:1）、1 对多（1: N）。

![image-20241018104836063](https://raw.githubusercontent.com/xuhaoyao/images/master/img/image-20241018104836063.png)



## 数据库范式

数据库范式有 3 种：

- 1NF(第一范式)：属性不可再分。
- 2NF(第二范式)：1NF 的基础之上，消除了非主属性对于码的部分函数依赖。
- 3NF(第三范式)：3NF 在 2NF 的基础之上，消除了非主属性对于码的传递函数依赖 。

> - **函数依赖（functional dependency）**：若在一张表中，在属性（或属性组）X 的值确定的情况下，必定能确定属性 Y 的值，那么就可以说 Y 函数依赖于 X，写作 X → Y。
>
> - **部分函数依赖（partial functional dependency）**：如果 X→Y，并且存在 X 的一个真子集 X0，使得 X0→Y，则称 Y 对 X 部分函数依赖。比如学生基本信息表 R 中（学号，身份证号，姓名）当然学号属性取值是唯一的，在 R 关系中，（学号，身份证号）->（姓名），（学号）->（姓名），（身份证号）->（姓名）；所以姓名部分函数依赖于（学号，身份证号）；
>
>   **完全函数依赖(Full functional dependency)**：在一个关系中，若某个非主属性数据项依赖于全部关键字称之为完全函数依赖。比如学生基本信息表 R（学号，班级，姓名）假设不同的班级学号有相同的，班级内学号不能相同，在 R 关系中，（学号，班级）->（姓名），但是（学号）->(姓名)不成立，（班级）->(姓名)不成立，所以姓名完全函数依赖与（学号，班级）；
>
>   **传递函数依赖**：在关系模式 R(U)中，设 X，Y，Z 是 U 的不同的属性子集，如果 X 确定 Y、Y 确定 Z，且有 X 不包含 Y，Y 不确定 X，（X∪Y）∩Z=空集合，则称 Z 传递函数依赖(transitive functional dependency) 于 X。传递函数依赖会导致数据冗余和异常。传递函数依赖的 Y 和 Z 子集往往同属于某一个事物，因此可将其合并放到一个表中。比如在关系 R(学号 , 姓名, 系名，系主任)中，学号 → 系名，系名 → 系主任，所以存在非主属性系主任对于学号的传递函数依赖。



## 主键与外键的区别

**主键(主码)**：主键用于唯一标识一个元组，不能有重复，不允许为空。一个表只能有一个主键。

**外键(外码)**：外键用来和其他表建立联系用，外键是另一表的主键，外键是可以有重复的，可以是空值。一个表可以有多个外键。



## 什么是存储过程？

我们可以把存储过程看成是一些 SQL 语句的集合，中间加了点逻辑控制语句。存储过程在业务比较复杂的时候是非常实用的，比如很多时候我们完成一个操作可能需要写一大串 SQL 语句，这时候我们就可以写有一个存储过程，这样也方便了我们下一次的调用。存储过程一旦调试完成通过后就能稳定运行，另外，使用存储过程比单纯 SQL 语句执行要快，因为存储过程是预编译过的。



## drop、delete与truncate

- `drop`(丢弃数据): `drop table 表名` ，直接将表都删除掉，在删除表的时候使用。
- `truncate` (清空数据) : `truncate table 表名` ，只删除表中的数据，再插入数据的时候自增长 id 又从 1 开始，在清空表中数据的时候使用。
- `delete`（删除数据） : `delete from 表名 where 列名=值`，删除某一行的数据，如果不加 `where` 子句和`truncate table 表名`作用类似。

`truncate` 和不带 `where`子句的 `delete`、以及 `drop` 都会删除表内的数据，但是 **`truncate` 和 `delete` 只删除数据不删除表的结构(定义)，执行 `drop` 语句，此表的结构也会删除，也就是执行`drop` 之后对应的表不复存在。**

> `truncate` 和 `drop` 属于 DDL(数据定义语言)语句，操作立即生效，原数据不放到 rollback segment 中，不能回滚，操作不触发 trigger。而 `delete` 语句是 DML (数据库操作语言)语句，这个操作会放到 rollback segment 中，事务提交之后才生效。
>
> **DML 语句和 DDL 语句区别：**
>
> - DML 是数据库操作语言（Data Manipulation Language）的缩写，是指对数据库中表记录的操作，主要包括表记录的插入、更新、删除和查询，是开发人员日常使用最频繁的操作。
> - DDL （Data Definition Language）是数据定义语言的缩写，简单来说，就是对数据库内部的对象进行创建、删除、修改的操作语言。它和 DML 语言的最大区别是 DML 只是对表内部数据的操作，而不涉及到表的定义、结构的修改，更不会涉及到其他对象。DDL 语句更多的被数据库管理员（DBA）所使用，一般的开发人员很少使用。
>
> 另外，由于`select`不会对表进行破坏，所以有的地方也会把`select`单独区分开叫做**数据库查询语言 DQL**（Data Query Language）。



## SQL分类

### 数据定义语言（DDL）

数据定义语言（Data Definition Language，DDL）是 SQL 语言集中负责数据结构定义与数据库对象定义的语言。

DDL 的主要功能是**定义数据库对象**。

DDL 的核心指令是 `CREATE`、`ALTER`、`DROP`。

### 数据操纵语言（DML）

数据操纵语言（Data Manipulation Language, DML）是用于数据库操作，对数据库其中的对象和数据运行访问工作的编程语句。

DML 的主要功能是 **访问数据**，因此其语法都是以**读写数据库**为主。

DML 的核心指令是 `INSERT`、`UPDATE`、`DELETE`、`SELECT`。这四个指令合称 CRUD(Create, Read, Update, Delete)，即增删改查。

### 事务控制语言（TCL）

事务控制语言 (Transaction Control Language, TCL) 用于**管理数据库中的事务**。这些用于管理由 DML 语句所做的更改。它还允许将语句分组为逻辑事务。

TCL 的核心指令是 `COMMIT`、`ROLLBACK`。

### 数据控制语言(DCL)

数据控制语言 (Data Control Language, DCL) 是一种可对数据访问权进行控制的指令，它可以控制特定用户账户对数据表、查看表、预存程序、用户自定义函数等数据库对象的控制权。

DCL 的核心指令是 `GRANT`、`REVOKE`。

DCL 以**控制用户的访问权限**为主，因此其指令作法并不复杂，可利用 DCL 控制的权限有：`CONNECT`、`SELECT`、`INSERT`、`UPDATE`、`DELETE`、`EXECUTE`、`USAGE`、`REFERENCES`。



## 数据库设计分为哪几步？

1、**需求分析** : 分析用户的需求，包括数据、功能和性能需求。

2、**概念结构设计** : 主要采用 E-R 模型进行设计，包括画 E-R 图。

3、**逻辑结构设计** : 通过将 E-R 图转换成表，实现从 E-R 模型到关系模型的转换。

4、**物理结构设计** : 主要是为所设计的数据库选择合适的存储结构和存取路径。

5、**数据库实施** : 包括编程、测试和试运行

6、**数据库的运行和维护** : 系统的运行与数据库的日常维护。



## MySQL有什么优点？

- MySQL是开源、免费的，有详细的官网文档以及很多优质文章可供参考学习
- 开箱即用，操作简单
- 社区活跃、生态完善
- 支持事务、分库分表、读写分离、高可用



## char和varchar的区别

- char 和 varchar 是最常用到的字符串类型，两者的主要区别在于：**CHAR 是定长字符串，VARCHAR 是变长字符串。**

- char 更适合存储长度较短或者长度都差不多的字符串，例如MD5 算法加密后的密码、身份证号码。varchar 类型适合存储长度不确定或者差异较大的字符串，例如用户昵称、文章标题等
- char 在存储时会在右边填充空格以达到指定的长度，检索时会去掉空格；varchar 在存储时需要使用 1 或 2 个额外字节记录字符串的长度，检索时不需要处理。
- char(M) 和 varchar(M) 的 M 都代表能够保存的字符数的最大值，无论是字母、数字还是中文，每个都只占用一个字符。

> varchar(100)和varchar(10)
>
> varchar(100)和 varchar(10)都是变长类型，表示能存储最多 100 个字符和 10 个字符。因此，varchar(100) 可以满足更大范围的字符存储需求，有更好的业务拓展性。而 varchar(10)存储超过 10 个字符时，就需要修改表结构才可以。
>
> 虽说 varchar (100)和 varchar (10)能存储的字符范围不同，但二者存储相同的字符串，所占用磁盘的存储空间其实是一样的，这也是很多人容易误解的一点。
>
> 不过，varchar(100) 会消耗更多的内存。这是因为 varchar类型在内存中操作时，通常会分配固定大小的内存块来保存值，即使用字符类型中定义的长度。例如在进行排序的时候，varchar(100)是按照 100 这个长度来进行的，也就会消耗更多内存。



## datetime和timestamp的区别

DATETIME 类型没有时区信息，TIMESTAMP 和时区有关。

TIMESTAMP 只需要使用 4 个字节的存储空间，但是 DATETIME 需要耗费 8 个字节的存储空间。但是，这样同样造成了一个问题，Timestamp 表示的时间范围更小。

- DATETIME：1000-01-01 00:00:00 ~ 9999-12-31 23:59:59
- Timestamp：1970-01-01 00:00:01 ~ 2037-12-31 23:59:59



## Boolean类型如何表示？

MySQL 中没有专门的布尔类型，而是用 TINYINT(1) 类型来表示布尔值。TINYINT(1) 类型可以存储 0 或 1，分别对应 false 或 true。



## NULL和''的区别（MySQL不建议用NULL作为列的默认值）

`NULL` 跟 `''`(空字符串)是两个完全不一样的值，区别如下：

- `NULL` 代表一个不确定的值,就算是两个 `NULL`,它俩也不一定相等。例如，`SELECT NULL=NULL`的结果为 false，但是在我们使用`DISTINCT`,`GROUP BY`,`ORDER BY`时,`NULL`又被认为是相等的。
- `''`的长度是 0，是不占用空间的，而`NULL` 是需要占用空间的。
- `NULL` 会影响聚合函数的结果。例如，`SUM`、`AVG`、`MIN`、`MAX` 等聚合函数会忽略 `NULL` 值。 `COUNT` 的处理方式取决于参数的类型。如果参数是 `*`(`COUNT(*)`)，则会统计所有的记录数，包括 `NULL` 值；如果参数是某个字段名(`COUNT(列名)`)，则会忽略 `NULL` 值，只统计非空值的个数。
- 查询 `NULL` 值时，必须使用 `IS NULL` 或 `IS NOT NULLl` 来判断，而不能使用 =、!=、 <、> 之类的比较运算符。而`''`是可以使用这些比较运算符的。



## 自增主键一定是连续的吗？

### 自增值保存在哪？

```sql
CREATE TABLE `t` (
`id` int(11) NOTNULLAUTO_INCREMENT,
`c` int(11) DEFAULTNULL,
`d` int(11) DEFAULTNULL,
PRIMARY KEY (`id`),
UNIQUE KEY `c` (`c`)
) ENGINE=InnoDB;
insert into t values(null, 1, 1);


mysql> show create table t\G;
*************************** 1. row ***************************
       Table: t
Create Table: CREATE TABLE `t` (
  `id` int(11) NOT NULL AUTO_INCREMENT,
  `c` int(11) DEFAULT NULL,
  `d` int(11) DEFAULT NULL,
  PRIMARY KEY (`id`),
  UNIQUE KEY `c` (`c`)
) ENGINE=InnoDB AUTO_INCREMENT=2 DEFAULT CHARSET=utf8
1 row in set (0.00 sec)
```

这个输出结果容易引起这样的误解：自增值是保存在表结构定义里的。实际上，表的结构定义存放在后缀名为..ffrm的文件中，**但是并不会保存自增值。**

不同的引擎对于自增值的保存策略不同

- MyISAM引擎的自增值保存在数据文件中。
- InnoDB引擎的自增值，其实是保存在了内存里，并且到了MySQL 8.0版本后，才有了“自增值持久化”的能力，也就是才实现了“如果发生重启，表的自增值可以恢复为MySQL重启前的值”，具体情况是：
  - 在MySQL 5.7及之前的版本，自增值保存在内存里，并没有持久化。每次重启后，第一次打开表的时候，都会去找自增值的最大值max(id)，然后将max(id)+1作为这个表当前的自增值。
  - 在MySQL 8.0版本，将自增值的变更记录在了redo log中，重启的时候依靠redo log恢复重启之前的值。

### 自增值修改机制

在MySQL里面，如果字段id被定义为AUTO_INCREMENT，在插入一行数据的时候，自增值的行为如下：

1、 如果插入数据时id字段指定为0、null 或未指定值，那么就把这个表当前的AUTO_INCREMENT值填到自增字段；

2、 如果插入数据时id字段指定了具体的值，就直接使用语句里指定的值。

根据要插入的值和当前自增值的大小关系，自增值的变更结果也会有所不同。假设，某次要插入的值是X，当前的自增值是Y。

1、如果X<Y，那么这个表的自增值不变；

2、如果X≥Y，就需要把当前自增值修改为新的自增值。

**新的自增值生成算法**是：从auto_increment_offset开始，以auto_increment_increment为步长，持续叠加，直到找到第一个大于X的值，作为新的自增值。

其中，auto_increment_offset 和 auto_increment_increment是两个系统参数，分别用来表示自增的初始值和步长，默认值都是1。

> 在一些场景下，使用的就不全是默认值。比如，双M的主备结构里要求双写的时候，我们就可能会设置成auto_increment_increment=2，让一个库的自增id都是奇数，另一个库的自增id都是偶数，避免两个库生成的主键发生冲突。



### 第一种原因：唯一键冲突

```sql
mysql> insert into t values(null, 1, 1);
ERROR 1062 (23000): Duplicate entry '1' for key 'c'
mysql> show create table t\G;
*************************** 1. row ***************************
       Table: t
Create Table: CREATE TABLE `t` (
  `id` int(11) NOT NULL AUTO_INCREMENT,
  `c` int(11) DEFAULT NULL,
  `d` int(11) DEFAULT NULL,
  PRIMARY KEY (`id`),
  UNIQUE KEY `c` (`c`)
) ENGINE=InnoDB AUTO_INCREMENT=3 DEFAULT CHARSET=utf8
1 row in set (0.00 sec)
```

这个语句的执行流程如下：

\1. 执行器调用InnoDB引擎接口写入一行，传入的这一行的值是(0,1,1);

\2. InnoDB发现用户没有指定自增id的值，获取表t当前的自增值2；

\3. 将传入的行的值改成(2,1,1);

\4. 将表的自增值改成3；

\5. 继续执行插入数据操作，由于已经存在c=1的记录，所以报Duplicate keyerror，语句返回。

可以看到，这个表的自增值改成3，是在真正执行插入数据的操作之前。这个语句真正执行的时候，因为碰到唯一键c冲突，所以id=2这一行并没有插入成功，但也没有将自增值再改回去。所以，在这之后，再插入新的数据行时，拿到的自增id就是3。也就是说，出现了自增主键不连续的情况。

```sql
mysql> insert into t values(null, 2, 2);
Query OK, 1 row affected (0.00 sec)

mysql> select * from t;
+----+------+------+
| id | c    | d    |
+----+------+------+
|  1 |    1 |    1 |
|  3 |    2 |    2 |
+----+------+------+
2 rows in set (0.00 sec)
```

### 第二种原因：事务回滚

下面这个语句序列就可以构造不连续的自增id

```sql
//假设表t是刚创建的
insert into t values(null,1,1);
begin;
insert into t values(null,2,2);
rollback;
insert into t values(null,2,2);
//插入的行是(3,2,2)
```

#### 自增id不能回退

假设有两个并行执行的事务，在申请自增值的时候，为了避免两个事务申请到相同的自增id，肯定要加锁，然后顺序申请。

\1. 假设事务A申请到了id=2， 事务B申请到id=3，那么这时候表t的自增值是4，之后继续执行。

\2. 事务B正确提交了，但事务A出现了唯一键冲突。

\3. 如果允许事务A把自增id回退，也就是把表t的当前自增值改回2，那么就会出现这样的情况：表里面已经有id=3的行，而当前的自增id值是2。

\4. 接下来，继续执行的其他事务就会申请到id=2，然后再申请到id=3。这时，就会出现插入语句报错“主键冲突”。

而为了解决这个主键冲突，有两种方法：

- 每次申请id之前，先判断表里面是否已经存在这个id。如果存在，就跳过这个id。但是，这个方法的成本很高。因为，本来申请id是一个很快的操作，现在还要再去主键索引树上判断id是否存在。
- 把自增id的锁范围扩大，必须等到一个事务执行完成并提交，下一个事务才能再申请自增id。这个方法的问题，就是锁的粒度太大，系统并发能力大大下降。

可见，这两个方法都会导致性能问题。造成这些麻烦的罪魁祸首，就是我们假设的这个“允许自增id回退”的前提导致的。

因此，InnoDB放弃了这个设计，语句执行失败也不回退自增id。也正是因为这样，所以才只保证了**自增id是递增的，但不保证是连续的。**

### 第三种原因：自增的步长不是1

### 第四种原因：批量插入分配id策略

“不知道预先要分配多少个id的情况”

- 既然预先不知道要申请多少个自增id，那么一种直接的想法就是需要一个时申请一个。但如果一个select …insert语句要插入10万行数据，按照这个逻辑的话就要申请10万次。显然，这种申请自增id的策略，在大批量插入数据的情况下，不但速度慢，还会影响并发插入的性能。

因此，对于批量插入数据的语句，MySQL 有一个批量申请自增 id 的策略：

1. 语句执行过程中，第一次申请自增 id，会分配 1 个；
2. 1 个用完以后，这个语句第二次申请自增 id，会分配 2 个；
3. 2 个用完以后，还是这个语句，第三次申请自增 id，会分配 4 个；
4. 依此类推，同一个语句去申请自增 id，每次申请到的自增 id 个数都是上一次的两倍。

```sql
insert into t values(null, 1,1);
insert into t values(null, 2,2);
insert into t values(null, 3,3);
insert into t values(null, 4,4);
create table t2 like t;
insert into t2(c,d) select c,d from t;
insert into t2 values(null, 5,5);
```

insert…select，实际上往表t2中插入了4行数据。但是，这四行数据是分三次申请的自增id，第一次申请到了id=1，第二次被分配了id=2和id=3， 第三次被分配到id=4到id=7。由于这条语句实际只用上了4个id，所以id=5到id=7就被浪费掉了。之后，再执行insert into t2

values(null, 5,5)，实际上插入的数据就是（8,5,5)。



## 索引失效

- 如果索引了多例，要遵守最左前缀法则。指的是查询从索引的最左前列开始并且不跳过索引中的列。
- 不在索引列上做任何操作（计算、函数、（自动or手动）类型转换），会导致索引失效而转向全表扫描
  - ![image-20241018120617648](https://raw.githubusercontent.com/xuhaoyao/images/master/img/image-20241018120617648.png)
- 存储引擎不能使用索引中范围条件右边的列
- 尽量使用覆盖索引（只访问索引的查询（索引列和查询列一致）），减少select*
- mysql在使用不等于（！=或者<>）的时候无法使用索引会导致全表扫描
  - ![image-20241018120713079](https://raw.githubusercontent.com/xuhaoyao/images/master/img/image-20241018120713079.png)
- is null走索引,is not null 无法使用索引
  - ![image-20241018120749797](https://raw.githubusercontent.com/xuhaoyao/images/master/img/image-20241018120749797.png)
- like以通配符开头（'%abc...'）mysql索引失效会变成全表扫描操作
- 字符串不加单引号索引失效
  - ![image-20241018120807292](https://raw.githubusercontent.com/xuhaoyao/images/master/img/image-20241018120807292.png)
- 少用or,用它连接时会索引失效
  - ![image-20241018120836487](https://raw.githubusercontent.com/xuhaoyao/images/master/img/image-20241018120836487.png)

![image-20241018120546740](https://raw.githubusercontent.com/xuhaoyao/images/master/img/image-20241018120546740.png)

### like %x%如何优化？

索引下推代替全扫描

```mysql
mysql> desc test_str;
+--------+--------------+------+-----+---------+----------------+
| Field  | Type         | Null | Key | Default | Extra          |
+--------+--------------+------+-----+---------+----------------+
| id     | int(11)      | NO   | PRI | NULL    | auto_increment |
| string | varchar(255) | NO   | MUL | NULL    |                |
| dummy  | int(11)      | YES  |     | NULL    |                |
+--------+--------------+------+-----+---------+----------------+
3 rows in set (0.00 sec)

mysql> explain select * from test_str where string like '%random%';
+----+-------------+----------+------+---------------+------+---------+------+------+-------------+
| id | select_type | table    | type | possible_keys | key  | key_len | ref  | rows | Extra       |
+----+-------------+----------+------+---------------+------+---------+------+------+-------------+
|  1 | SIMPLE      | test_str | ALL  | NULL          | NULL | NULL    | NULL |   10 | Using where |
+----+-------------+----------+------+---------------+------+---------+------+------+-------------+
1 row in set (0.00 sec)
```

如果是select * 查询全部数据（索引没覆盖到的话，会走全表扫描，这是要避免的）

而如果仅仅查询string(即模糊查询对应的列的话，是会走全索引扫描，这样还用得上索引)

- 因此可以在应用层先通过索引覆盖查出对应的主键id，再根据这些主键id发送一次查询请求
  - ![image-20241018121833767](https://raw.githubusercontent.com/xuhaoyao/images/master/img/image-20241018121833767.png)

**根本解决：引入es**



## MySQL解决幻读了吗

MySQL InnoDB 引擎的默认隔离级别虽然是「可重复读」，但是它很大程度上避免幻读现象（并不是完全解决了），解决的方案有两种：

针**对快照读（普通 select 语句）**，是通过 MVCC 方式解决了幻读，因为可重复读隔离级别下，事务执行过程中看到的数据，一直跟这个事务启动时看到的数据是一致的，即使中途有其他事务插入了一条数据，是查询不出来这条数据的，所以就很好了避免幻读问题。

针对**当前读（select ... for update 等语句）**，是通过 next-key lock（记录锁+间隙锁）方式解决了幻读，因为当执行 select ... for update 语句的时候，会加上 next-key lock，如果有其他事务在 next-key lock 锁范围内插入了一条记录，那么这个插入语句就会被阻塞，无法成功插入，所以就很好了避免幻读问题。

### 第一个发生幻读现象的场景

![image-20241019093519979](https://raw.githubusercontent.com/xuhaoyao/images/master/img/image-20241019093519979.png)

事务 A 执行查询 id = 5 的记录，此时表中是没有该记录的，所以查询不出来。

```sql
# 事务 A
mysql> begin;
Query OK, 0 rows affected (0.00 sec)
 
mysql> select * from t_stu where id = 5;
Empty set (0.01 sec)
```

然后事务 B 插入一条 id = 5 的记录，并且提交了事务。

```sql
# 事务 B
mysql> begin;
Query OK, 0 rows affected (0.00 sec)
 
mysql> insert into t_stu values(5, '小美', 18);
Query OK, 1 row affected (0.00 sec)
 
mysql> commit;
Query OK, 0 rows affected (0.00 sec)
```

此时，**事务 A  更新 id = 5 这条记录，对没错，事务 A 看不到 id = 5 这条记录，但是他去更新了这条记录，这场景确实很违和，然后再次查询 id = 5 的记录，事务 A 就能看到事务 B 插入的纪录了，幻读就是发生在这种违和的场景**。

````sql
# 事务 A
mysql> update t_stu set name = '小林coding' where id = 5;
Query OK, 1 row affected (0.01 sec)
Rows matched: 1  Changed: 1  Warnings: 0
 
mysql> select * from t_stu where id = 5;
+----+--------------+------+
| id | name         | age  |
+----+--------------+------+
|  5 | 小林coding   |   18 |
+----+--------------+------+
1 row in set (0.00 sec)
````

![image-20241019093631951](https://raw.githubusercontent.com/xuhaoyao/images/master/img/image-20241019093631951.png)

在可重复读隔离级别下，事务 A 第一次执行普通的 select 语句时生成了一个 ReadView，之后事务 B 向表中新插入了一条 id = 5 的记录并提交。接着，事务 A 对 id = 5 这条记录进行了更新操作，在这个时刻，这条新记录的 trx_id 隐藏列的值就变成了事务 A 的事务 id，之后事务 A  再使用普通 select 语句去查询这条记录时就可以看到这条记录了，于是就发生了幻读。

因为这种特殊现象的存在，所以我们认为 MySQL Innodb 中的 MVCC 并不能完全避免幻读现象。


### 第二个发生幻读现象的场景

除了上面这一种场景会发生幻读现象之外，还有下面这个场景也会发生幻读现象。

T1 时刻：事务 A 先执行「快照读语句」：select * from t_test where id > 100 得到了 3 条记录。

T2 时刻：事务 B 往插入一个 id= 200 的记录并提交；

T3 时刻：事务 A 再执行「当前读语句」 select * from t_test where id > 100 for update 就会得到 4 条记录，此时也发生了幻读现象。

要避免这类特殊场景下发生幻读的现象的话，就是尽量在开启事务之后，马上执行 select ... for update 这类当前读的语句，因为它会对记录加 next-key lock，从而避免其他事务插入一条新记录。

